<?xml version="1.0" encoding="UTF-8"?>
<testsuites name="jest tests" tests="24" failures="0" errors="0" time="15.171">
  <testsuite name="Currency Utils" errors="0" failures="0" skipped="0" timestamp="2026-01-06T08:04:30" time="2.503" tests="7">
    <testcase classname="Currency Utils formatPrice formats positive numbers with INR symbol" name="Currency Utils formatPrice formats positive numbers with INR symbol" time="0.05">
    </testcase>
    <testcase classname="Currency Utils formatPrice formats large numbers with Indian numbering system" name="Currency Utils formatPrice formats large numbers with Indian numbering system" time="0.001">
    </testcase>
    <testcase classname="Currency Utils formatPrice handles zero and null values" name="Currency Utils formatPrice handles zero and null values" time="0">
    </testcase>
    <testcase classname="Currency Utils formatPrice can hide currency symbol" name="Currency Utils formatPrice can hide currency symbol" time="0.026">
    </testcase>
    <testcase classname="Currency Utils CURRENCY_SYMBOL should be Indian Rupee symbol" name="Currency Utils CURRENCY_SYMBOL should be Indian Rupee symbol" time="0.001">
    </testcase>
    <testcase classname="Currency Utils convertToINR converts USD to INR with default rate" name="Currency Utils convertToINR converts USD to INR with default rate" time="0.001">
    </testcase>
    <testcase classname="Currency Utils convertToINR converts USD to INR with custom rate" name="Currency Utils convertToINR converts USD to INR with custom rate" time="0">
    </testcase>
  </testsuite>
  <testsuite name="Country Codes" errors="0" failures="0" skipped="0" timestamp="2026-01-06T08:04:30" time="2.637" tests="5">
    <testcase classname="Country Codes countryCodes array contains India as first option" name="Country Codes countryCodes array contains India as first option" time="0.001">
    </testcase>
    <testcase classname="Country Codes countryCodes array all entries have required fields" name="Country Codes countryCodes array all entries have required fields" time="0.095">
    </testcase>
    <testcase classname="Country Codes countryCodes array contains major countries" name="Country Codes countryCodes array contains major countries" time="0.001">
    </testcase>
    <testcase classname="Country Codes getCountryByCode returns correct country for valid code" name="Country Codes getCountryByCode returns correct country for valid code" time="0">
    </testcase>
    <testcase classname="Country Codes getCountryByCode returns default (India) for invalid code" name="Country Codes getCountryByCode returns default (India) for invalid code" time="0.003">
    </testcase>
  </testsuite>
  <testsuite name="Products Data" errors="0" failures="0" skipped="0" timestamp="2026-01-06T08:04:30" time="2.857" tests="12">
    <testcase classname="Products Data products array contains products" name="Products Data products array contains products" time="0.002">
    </testcase>
    <testcase classname="Products Data products array all products have required fields" name="Products Data products array all products have required fields" time="0.045">
    </testcase>
    <testcase classname="Products Data products array contains out of stock products" name="Products Data products array contains out of stock products" time="0">
    </testcase>
    <testcase classname="Products Data categories contains all main categories" name="Products Data categories contains all main categories" time="0.001">
    </testcase>
    <testcase classname="Products Data categories each category has subcategories" name="Products Data categories each category has subcategories" time="0.001">
    </testcase>
    <testcase classname="Products Data getProductById returns product for valid id" name="Products Data getProductById returns product for valid id" time="0.001">
    </testcase>
    <testcase classname="Products Data getProductById returns undefined for invalid id" name="Products Data getProductById returns undefined for invalid id" time="0">
    </testcase>
    <testcase classname="Products Data getProductsByCategory returns products for valid category" name="Products Data getProductsByCategory returns products for valid category" time="0">
    </testcase>
    <testcase classname="Products Data getProductsByCategory returns all products for &quot;all&quot; category" name="Products Data getProductsByCategory returns all products for &quot;all&quot; category" time="0">
    </testcase>
    <testcase classname="Products Data searchProducts finds products by name" name="Products Data searchProducts finds products by name" time="0">
    </testcase>
    <testcase classname="Products Data searchProducts returns empty for non-matching query" name="Products Data searchProducts returns empty for non-matching query" time="0.001">
    </testcase>
    <testcase classname="Products Data searchProducts search is case insensitive" name="Products Data searchProducts search is case insensitive" time="0">
    </testcase>
  </testsuite>
</testsuites>